// Jest Snapshot v1, https://goo.gl/fbAQLP

exports[`git-exec-and-restage no command, no args and no files staged 1`] = `[Error: Usage: git-exec-and-restage <command> [...command-args --] [...files]]`;

exports[`git-exec-and-restage throws when command fails 1`] = `"Error running command: Exited with status 1"`;

exports[`git-exec-and-restage with command and arguments, no files 1`] = `
Array [
  "git diff-index --cached --name-only --diff-filter=ACDMRTUXB HEAD --",
  "git diff --name-only --diff-filter=ACDMRTUXB",
  "prettier --write",
]
`;

exports[`git-exec-and-restage with command+args and mixed status, absolute paths 1`] = `
Array [
  "git diff --name-only --diff-filter=ACDMRTUXB fullystaged.js partiallystaged.js",
  "prettier --write /path/to/repo/fullystaged.js /path/to/repo/partiallystaged.js",
  "git add fullystaged.js",
]
`;

exports[`git-exec-and-restage with command+args, files implicit 1`] = `
Array [
  "git diff-index --cached --name-only --diff-filter=ACDMRTUXB HEAD --",
  "git diff --name-only --diff-filter=ACDMRTUXB fullystaged.js partiallystaged.js",
  "prettier --write",
  "git add fullystaged.js",
]
`;

exports[`git-exec-and-restage with command+args, files implicit with invalid HEAD 1`] = `
Array [
  "git diff-index --cached --name-only --diff-filter=ACDMRTUXB HEAD --",
  "git diff-index --cached --name-only --diff-filter=ACDMRTUXB 4b825dc642cb6eb9a060e54bf8d69288fbee4904 --",
  "git diff --name-only --diff-filter=ACDMRTUXB fullystaged.js partiallystaged.js",
  "prettier --write",
  "git add fullystaged.js",
]
`;

exports[`git-exec-and-restage with command+args, mix of fully and partially staged files 1`] = `
Array [
  "git diff --name-only --diff-filter=ACDMRTUXB fullystaged.js partiallystaged.js",
  "prettier --write fullystaged.js partiallystaged.js",
  "git add fullystaged.js",
]
`;

exports[`git-exec-and-restage with command+args, pick one of multiple files 1`] = `
Array [
  "git diff --name-only --diff-filter=ACDMRTUXB fullystaged1.js",
  "prettier --write fullystaged1.js",
  "git add fullystaged1.js",
]
`;

exports[`git-exec-and-restage with command, arguments, fully staged file, no partials 1`] = `
Array [
  "git diff --name-only --diff-filter=ACDMRTUXB fullystaged.js",
  "prettier --write fullystaged.js",
  "git add fullystaged.js",
]
`;

exports[`git-exec-and-restage with command, no args and no files 1`] = `
Array [
  "git diff-index --cached --name-only --diff-filter=ACDMRTUXB HEAD --",
  "git diff --name-only --diff-filter=ACDMRTUXB",
  "prettier",
]
`;
